빌드 시작: 2025-05-09 오후 12:20:38
     1>2 노드의 "C:\Users\USER\Desktop\2.Git\CapAttach\CME8000\CME8000.vcxproj" 프로젝트(build 대상)입니다.
     1>InitializeBuildStatus:
         "AlwaysCreate"이(가) 지정되었기 때문에 "Debug\CME8000.unsuccessfulbuild"을(를) 만들고 있습니다.
       ClCompile:
         C:\Program Files (x86)\Microsoft Visual Studio 10.0\VC\bin\CL.exe /c /ZI /nologo /W3 /WX- /Od /Oy- /D WIN32 /D _WINDOWS /D _DEBUG /D _MBCS /D _AFXDLL /Gm /EHsc /RTC1 /MDd /GS /fp:precise /Zc:wchar_t /Zc:forScope /Yc"StdAfx.h" /Fp"Debug\CME8000_D.pch" /Fo"Debug\\" /Fd"Debug\vc100.pdb" /Gd /TP /analyze- /errorReport:prompt stdafx.cpp
         stdafx.cpp
         C:\Program Files (x86)\Microsoft Visual Studio 10.0\VC\bin\CL.exe /c /ZI /nologo /W3 /WX- /Od /Oy- /D WIN32 /D _WINDOWS /D _DEBUG /D _MBCS /D _AFXDLL /Gm /EHsc /RTC1 /MDd /GS /fp:precise /Zc:wchar_t /Zc:forScope /Yu"StdAfx.h" /Fp"Debug\CME8000_D.pch" /Fo"Debug\\" /Fd"Debug\vc100.pdb" /Gd /TP /analyze- /errorReport:prompt AJinAXL.cpp AlarmDlg.cpp AviUDP.cpp BarcodeLot.cpp CME8000.cpp CME8000Dlg.cpp Common.cpp DataManager.cpp ErrorDlg.cpp InitialDlg.cpp Inspector.cpp KeyPadDlg.cpp LoadCell.cpp LogFile.cpp LoopTimer.cpp MESInterface.cpp ManualCapDlg.cpp ManualDlg.cpp ManualIndexDlg.cpp ManualLoadDlg.cpp ManualUnloadDlg.cpp MonitorDlg.cpp MonitorInOutDlg.cpp MonitorInOutTabDlg.cpp MonitorLogDlg.cpp MonitorMotionDlg.cpp MonitorMotionTabDlg.cpp MsgBoxDlg.cpp NoWorkDlg.cpp NumPadDlg.cpp OperatorDlg.cpp PasswordDlg.cpp ProhibitDlg.cpp SequenceInit.cpp SequenceMain.cpp SetupDlg.cpp SetupEquipDlg.cpp SetupInOutDlg.cpp SetupInOutTabDlg.cpp SetupMotionDlg.cpp SetupMotionTabDlg.cpp SetupMoveDlg.cpp SetupMoveTab1Dlg.cpp SetupMoveTab2Dlg.cpp SetupMoveTab3Dlg.cpp SplashDlg.cpp VersionDlg.cpp WorkDlg.cpp WorkInfoDlg.cpp
         WorkInfoDlg.cpp
         WorkDlg.cpp
         VersionDlg.cpp
         SplashDlg.cpp
         SetupMoveTab3Dlg.cpp
         SetupMoveTab2Dlg.cpp
         SetupMoveTab1Dlg.cpp
         SetupMoveDlg.cpp
         SetupMotionTabDlg.cpp
         SetupMotionDlg.cpp
         SetupInOutTabDlg.cpp
         SetupInOutDlg.cpp
         SetupEquipDlg.cpp
         SetupDlg.cpp
         SequenceMain.cpp
         SequenceInit.cpp
         ProhibitDlg.cpp
         PasswordDlg.cpp
         OperatorDlg.cpp
         NumPadDlg.cpp
         코드를 생성하고 있습니다...
         컴파일하고 있습니다...
         NoWorkDlg.cpp
         MsgBoxDlg.cpp
         MonitorMotionTabDlg.cpp
         MonitorMotionDlg.cpp
         MonitorLogDlg.cpp
         MonitorInOutTabDlg.cpp
         MonitorInOutDlg.cpp
         MonitorDlg.cpp
         ManualUnloadDlg.cpp
         ManualLoadDlg.cpp
         ManualIndexDlg.cpp
         ManualDlg.cpp
         ManualCapDlg.cpp
         MESInterface.cpp
         LoopTimer.cpp
         LogFile.cpp
         LoadCell.cpp
         KeyPadDlg.cpp
         Inspector.cpp
         InitialDlg.cpp
         코드를 생성하고 있습니다...
         컴파일하고 있습니다...
         ErrorDlg.cpp
         DataManager.cpp
         Common.cpp
         CME8000Dlg.cpp
         CME8000.cpp
         BarcodeLot.cpp
         AviUDP.cpp
         AlarmDlg.cpp
         AJinAXL.cpp
         코드를 생성하고 있습니다...
       ResourceCompile:
         C:\Program Files (x86)\Microsoft SDKs\Windows\v7.0A\bin\rc.exe /D _DEBUG /D _AFXDLL /l"0x0412" /IDebug\ /nologo /fo"Debug\CME8000.res" CME8000.rc 
       ManifestResourceCompile:
         모든 출력이 최신 상태입니다.
       Link:
         C:\Program Files (x86)\Microsoft Visual Studio 10.0\VC\bin\link.exe /ERRORREPORT:PROMPT /OUT:"Run\CME8000_D.exe" /INCREMENTAL /NOLOGO /MANIFEST /ManifestFile:"Debug\CME8000_D.exe.intermediate.manifest" /MANIFESTUAC:"level='asInvoker' uiAccess='false'" /DEBUG /PDB:"C:\Users\USER\Desktop\2.Git\CapAttach\CME8000\Run\CME8000_D.pdb" /SUBSYSTEM:WINDOWS /TLBID:1 /DYNAMICBASE /NXCOMPAT /IMPLIB:"Run\CME8000_D.lib" /MACHINE:X86 Debug\CME8000.res
         Debug\CME8000_D.exe.embed.manifest.res
         Debug\AJinAXL.obj
         Debug\AlarmDlg.obj
         Debug\BarcodeLot.obj
         Debug\CME8000.obj
         Debug\CME8000Dlg.obj
         Debug\Common.obj
         Debug\DataManager.obj
         Debug\AviUDP.obj
         Debug\ErrorDlg.obj
         Debug\InitialDlg.obj
         Debug\Inspector.obj
         Debug\KeyPadDlg.obj
         Debug\LoadCell.obj
         Debug\LogFile.obj
         Debug\LoopTimer.obj
         Debug\ManualIndexDlg.obj
         Debug\ManualCapDlg.obj
         Debug\ManualDlg.obj
         Debug\ManualLoadDlg.obj
         Debug\ManualUnloadDlg.obj
         Debug\MESInterface.obj
         Debug\MonitorDlg.obj
         Debug\MonitorInOutDlg.obj
         Debug\MonitorInOutTabDlg.obj
         Debug\MonitorLogDlg.obj
         Debug\MonitorMotionDlg.obj
         Debug\MonitorMotionTabDlg.obj
         Debug\MsgBoxDlg.obj
         Debug\NoWorkDlg.obj
         Debug\NumPadDlg.obj
         Debug\OperatorDlg.obj
         Debug\PasswordDlg.obj
         Debug\ProhibitDlg.obj
         Debug\SequenceInit.obj
         Debug\SequenceMain.obj
         Debug\SetupDlg.obj
         Debug\SetupEquipDlg.obj
         Debug\SetupInOutDlg.obj
         Debug\SetupInOutTabDlg.obj
         Debug\SetupMotionDlg.obj
         Debug\SetupMotionTabDlg.obj
         Debug\SetupMoveDlg.obj
         Debug\SetupMoveTab1Dlg.obj
         Debug\SetupMoveTab2Dlg.obj
         Debug\SetupMoveTab3Dlg.obj
         Debug\SplashDlg.obj
         Debug\stdafx.obj
         Debug\VersionDlg.obj
         Debug\WorkDlg.obj
         Debug\WorkInfoDlg.obj
         LINK : Run\CME8000_D.exe을(를) 찾을 수 없거나 마지막 증분 링크에 의해 빌드되지 않았습니다. 전체 링크를 수행하고 있습니다.
       Manifest:
         C:\Program Files (x86)\Microsoft SDKs\Windows\v7.0A\bin\mt.exe /nologo /verbose /out:"Debug\CME8000_D.exe.embed.manifest" /manifest Debug\CME8000_D.exe.intermediate.manifest "C:\Program Files (x86)\Microsoft Visual Studio 10.0\VC\Include\Manifest\dpiaware.manifest"
         모든 출력이 최신 상태입니다.
       LinkEmbedManifest:
         모든 출력이 최신 상태입니다.
         CME8000.vcxproj -> C:\Users\USER\Desktop\2.Git\CapAttach\CME8000\Run\CME8000_D.exe
       FinalizeBuildStatus:
         "Debug\CME8000.unsuccessfulbuild" 파일을 삭제하고 있습니다.
         "Debug\CME8000.lastbuildstate"에 연결(touching)하고 있습니다.
     1>"C:\Users\USER\Desktop\2.Git\CapAttach\CME8000\CME8000.vcxproj" 프로젝트를 빌드했습니다(build 대상).

빌드했습니다.

경과 시간: 00:00:16.25
